[backblue.gif]
[fade.gif]
[index.html]
[iglyphic.com/themes/html/html_elevation/images/favicon.png]
[iglyphic.com/themes/html/html_elevation/js/modernizr-2.8.3.min.js]
[iglyphic.com/themes/html/html_elevation/images/logo.png]
[iglyphic.com/themes/html/html_elevation/images/about/1.jpg]
[iglyphic.com/themes/html/html_elevation/images/about/2.jpg]
[iglyphic.com/themes/html/html_elevation/images/home/4.jpg]
[iglyphic.com/themes/html/html_elevation/images/home/play-button.png]
[iglyphic.com/themes/html/html_elevation/images/about/3.jpg]
[iglyphic.com/themes/html/html_elevation/images/about/4.jpg]
[iglyphic.com/themes/html/html_elevation/images/about/5.jpg]
[iglyphic.com/themes/html/html_elevation/images/home/11.jpg]
[iglyphic.com/themes/html/html_elevation/images/home/12.jpg]
[iglyphic.com/themes/html/html_elevation/images/home/13.jpg]
[iglyphic.com/themes/html/html_elevation/images/home/14.jpg]
[iglyphic.com/themes/html/html_elevation/images/footer/1.png]
[iglyphic.com/themes/html/html_elevation/images/footer/3.png]
[iglyphic.com/themes/html/html_elevation/images/footer/5.png]
[iglyphic.com/themes/html/html_elevation/images/footer/7.png]
[iglyphic.com/themes/html/html_elevation/images/footer/4.png]
[iglyphic.com/themes/html/html_elevation/images/footer/6.png]
[iglyphic.com/themes/html/html_elevation/js/jquery-2.2.4.min.js]
[iglyphic.com/themes/html/html_elevation/js/bootstrap.min.js]
[iglyphic.com/themes/html/html_elevation/js/isotope.pkgd.min.js]
[iglyphic.com/themes/html/html_elevation/js/menuzord.js]
[iglyphic.com/themes/html/html_elevation/js/jquery.barfiller.js]
[iglyphic.com/themes/html/html_elevation/js/scrollIt.min.js]
[iglyphic.com/themes/html/html_elevation/js/jquery.magnific-popup.min.js]
[iglyphic.com/themes/html/html_elevation/js/roundslider.js]
[iglyphic.com/themes/html/html_elevation/js/owl.carousel.min.js]
[iglyphic.com/themes/html/html_elevation/js/jquery.mb.YTPlayer.js]
[iglyphic.com/themes/html/html_elevation/js/slick.js]
[iglyphic.com/themes/html/html_elevation/js/prallex.js]
[iglyphic.com/themes/html/html_elevation/js/custom.js]
[iglyphic.com/themes/html/html_elevation/about.html]
[iglyphic.com/themes/html/html_elevation/fonts/fontawesome-webfont3e6e.eot]
[iglyphic.com/themes/html/html_elevation/fonts/fontawesome-webfontd41d.eot]
[iglyphic.com/themes/html/html_elevation/fonts/fontawesome-webfont3e6e.woff2]
[iglyphic.com/themes/html/html_elevation/fonts/fontawesome-webfont3e6e.woff]
[iglyphic.com/themes/html/html_elevation/fonts/fontawesome-webfont3e6e.ttf]
[iglyphic.com/themes/html/html_elevation/css/font-awesome.min.css]
[iglyphic.com/themes/html/html_elevation/fonts/ionicons28b5.eot]
[iglyphic.com/themes/html/html_elevation/fonts/ionicons28b5.ttf]
[iglyphic.com/themes/html/html_elevation/fonts/ionicons28b5.woff]
[iglyphic.com/themes/html/html_elevation/css/ionicons.min.css]
[iglyphic.com/themes/html/html_elevation/css/bootstrap.min.css]
[iglyphic.com/themes/html/html_elevation/css/roundslider.css]
[iglyphic.com/themes/html/html_elevation/css/magnific-popup.css]
[iglyphic.com/themes/html/html_elevation/css/menuzord.css]
[iglyphic.com/themes/html/html_elevation/css/slick.css]
[iglyphic.com/themes/html/html_elevation/css/slick-theme.css]
[iglyphic.com/themes/html/html_elevation/css/owl.carousel.min.css]
[iglyphic.com/themes/html/html_elevation/css/owl.theme.min.css]
[iglyphic.com/themes/html/html_elevation/fonts/Gabriola.eot]
[iglyphic.com/themes/html/html_elevation/fonts/Gabriola.woff2]
[iglyphic.com/themes/html/html_elevation/fonts/Gabriola.woff]
[iglyphic.com/themes/html/html_elevation/fonts/Gabriola.ttf]
[iglyphic.com/themes/html/html_elevation/images/flags.png]
[iglyphic.com/themes/html/html_elevation/fonts/Gabriolad41d.eot]
[iglyphic.com/themes/html/html_elevation/images/home/5.jpg]
[iglyphic.com/themes/html/html_elevation/images/home/6.jpg]
[iglyphic.com/themes/html/html_elevation/images/home/9.jpg]
[iglyphic.com/themes/html/html_elevation/images/home/quote.png]
[iglyphic.com/themes/html/html_elevation/images/home/green-bg.jpg]
[iglyphic.com/themes/html/html_elevation/images/causes/banner.jpg]
[iglyphic.com/themes/html/html_elevation/images/home/17.jpg]
[iglyphic.com/themes/html/html_elevation/images/footer/footer-bg.jpg]
[iglyphic.com/themes/html/html_elevation/images/footer/2.png]
[iglyphic.com/themes/html/html_elevation/images/home/quote2.png]
[iglyphic.com/themes/html/html_elevation/images/event/10.jpg]
[iglyphic.com/themes/html/html_elevation/css/style.css]
[iglyphic.com/themes/html/html_elevation/css/responsive.css]
[iglyphic.com/themes/html/html_elevation/images/slide-one-01.jpg]
[iglyphic.com/themes/html/html_elevation/images/slide-one-02.jpg]
[iglyphic.com/themes/html/html_elevation/images/slide-one-03.jpg]
[iglyphic.com/themes/html/html_elevation/images/home/1.jpg]
[iglyphic.com/themes/html/html_elevation/images/home/2.jpg]
[iglyphic.com/themes/html/html_elevation/images/home/3.jpg]
[iglyphic.com/themes/html/html_elevation/images/event/1.jpg]
[iglyphic.com/themes/html/html_elevation/images/event/3.jpg]
[iglyphic.com/themes/html/html_elevation/images/home/7.jpg]
[iglyphic.com/themes/html/html_elevation/images/home/lime.png]
[iglyphic.com/themes/html/html_elevation/images/home/8.jpg]
[iglyphic.com/themes/html/html_elevation/images/home/10.jpg]
[iglyphic.com/themes/html/html_elevation/js/chart.bundle.min.js]
[iglyphic.com/themes/html/html_elevation/index.html]
[iglyphic.com/themes/html/html_elevation/images/home/icon6.png]
[iglyphic.com/themes/html/html_elevation/js/zingchart.min.js]
[iglyphic.com/themes/html/html_elevation/index-two.html]
[iglyphic.com/themes/html/html_elevation/images/event/4.jpg]
[iglyphic.com/themes/html/html_elevation/images/event/5.jpg]
[iglyphic.com/themes/html/html_elevation/images/event/6.jpg]
[iglyphic.com/themes/html/html_elevation/images/event/7.jpg]
[iglyphic.com/themes/html/html_elevation/images/event/8.jpg]
[iglyphic.com/themes/html/html_elevation/images/event/9.jpg]
[iglyphic.com/themes/html/html_elevation/event.html]
[iglyphic.com/themes/html/html_elevation/images/event/avatar3.png]
[iglyphic.com/themes/html/html_elevation/images/causes/5.jpg]
[iglyphic.com/themes/html/html_elevation/event-detail.html]
[iglyphic.com/themes/html/html_elevation/images/causes/3.jpg]
[iglyphic.com/themes/html/html_elevation/images/causes/2.jpg]
[iglyphic.com/themes/html/html_elevation/causes-grid.html]
[iglyphic.com/themes/html/html_elevation/images/causes/4.jpg]
[iglyphic.com/themes/html/html_elevation/causes-list.html]
[iglyphic.com/themes/html/html_elevation/images/blog/1.jpg]
[iglyphic.com/themes/html/html_elevation/images/blog/2.jpg]
[iglyphic.com/themes/html/html_elevation/images/blog/3.jpg]
[iglyphic.com/themes/html/html_elevation/blog.html]
[iglyphic.com/themes/html/html_elevation/images/blog/4.jpg]
[iglyphic.com/themes/html/html_elevation/images/blog/5.jpg]
[iglyphic.com/themes/html/html_elevation/blog-detail.html]
[iglyphic.com/themes/html/html_elevation/donate.html]
[iglyphic.com/themes/html/html_elevation/js/maps/gmap3.min.js]
[iglyphic.com/themes/html/html_elevation/js/maps/map-init.js]
[iglyphic.com/themes/html/html_elevation/contact-us.html]
[iglyphic.com/themes/html/html_elevation/fonts/fontawesome-webfont3e6e.svg]
[iglyphic.com/themes/html/html_elevation/fonts/ionicons28b5.svg]
[iglyphic.com/themes/html/html_elevation/fonts/glyphicons-halflings-regular.html]
[iglyphic.com/themes/html/html_elevation/fonts/glyphicons-halflings-regulard41d.html]
[iglyphic.com/themes/html/html_elevation/fonts/glyphicons-halflings-regular-2.html]
[iglyphic.com/themes/html/html_elevation/fonts/glyphicons-halflings-regular-3.html]
[iglyphic.com/themes/html/html_elevation/fonts/glyphicons-halflings-regular-4.html]
[iglyphic.com/themes/html/html_elevation/fonts/glyphicons-halflings-regular-5.html]
[iglyphic.com/themes/html/html_elevation/fonts/Gabriola.svg]
[iglyphic.com/themes/html/images/slider-h2-before.html]
[iglyphic.com/themes/html/images/slider-h2-after.html]
[iglyphic.com/themes/html/html_elevation/images/home/icon7.png]
